[
["cow","chicken","cat","scream","dog"],
["cow","chicken","cat","scream","rrrr"]
]
