[
    ["buying gas","pouring gas","laughing","lighting match","fire","smoke"],
    ["buying gas","pouring gas","crying","fire","smoke"]
]