[
["anger","shouting","fight","gunshot","panic","fleeing"]
]
