[
    ["press brief","scandal","pointing"],
    ["argument","coverup","pointing"],
    ["argument","bribe"]
]